// Jest Snapshot v1, https://goo.gl/fbAQLP

exports[`<RepositoryListItem/> it renders correctly 1`] = `
initialize {
  "0": Object {
    "attribs": Object {
      "class": "MuiButtonBase-root-13 MuiListItem-root-1 MuiListItem-default-4 MuiListItem-dense-5 MuiListItem-gutters-9 MuiListItem-button-10 MuiListItem-alignItemsFlexStart-6 MuiListItem-selected-12",
      "role": "button",
      "tabindex": "0",
    },
    "children": Array [
      Object {
        "attribs": Object {
          "class": "MuiAvatar-root-19 MuiListItemAvatar-alignItemsFlexStart-17",
          "title": "dude #1",
        },
        "children": Array [
          Object {
            "attribs": Object {
              "alt": "dude #1",
              "class": "MuiAvatar-img-21",
              "src": "https://picture1.com",
            },
            "children": Array [],
            "name": "img",
            "namespace": "http://www.w3.org/1999/xhtml",
            "next": null,
            "parent": [Circular],
            "prev": null,
            "type": "tag",
            "x-attribsNamespace": Object {
              "alt": undefined,
              "class": undefined,
              "src": undefined,
            },
            "x-attribsPrefix": Object {
              "alt": undefined,
              "class": undefined,
              "src": undefined,
            },
          },
        ],
        "name": "div",
        "namespace": "http://www.w3.org/1999/xhtml",
        "next": Object {
          "attribs": Object {
            "class": "MuiListItemText-root-22",
          },
          "children": Array [
            Object {
              "attribs": Object {
                "class": "MuiTypography-root-28 MuiTypography-subheading-35 MuiListItemText-primary-25",
              },
              "children": Array [
                Object {
                  "data": "repo man",
                  "next": null,
                  "parent": [Circular],
                  "prev": null,
                  "type": "text",
                },
              ],
              "name": "span",
              "namespace": "http://www.w3.org/1999/xhtml",
              "next": Object {
                "attribs": Object {
                  "class": "MuiTypography-root-28 MuiTypography-body1-37 MuiTypography-colorTextSecondary-61 MuiListItemText-secondary-26",
                },
                "children": Array [
                  Object {
                    "data": "stuff stuf stuff",
                    "next": null,
                    "parent": [Circular],
                    "prev": null,
                    "type": "text",
                  },
                ],
                "name": "p",
                "namespace": "http://www.w3.org/1999/xhtml",
                "next": null,
                "parent": [Circular],
                "prev": [Circular],
                "type": "tag",
                "x-attribsNamespace": Object {
                  "class": undefined,
                },
                "x-attribsPrefix": Object {
                  "class": undefined,
                },
              },
              "parent": [Circular],
              "prev": null,
              "type": "tag",
              "x-attribsNamespace": Object {
                "class": undefined,
              },
              "x-attribsPrefix": Object {
                "class": undefined,
              },
            },
            Object {
              "attribs": Object {
                "class": "MuiTypography-root-28 MuiTypography-body1-37 MuiTypography-colorTextSecondary-61 MuiListItemText-secondary-26",
              },
              "children": Array [
                Object {
                  "data": "stuff stuf stuff",
                  "next": null,
                  "parent": [Circular],
                  "prev": null,
                  "type": "text",
                },
              ],
              "name": "p",
              "namespace": "http://www.w3.org/1999/xhtml",
              "next": null,
              "parent": [Circular],
              "prev": Object {
                "attribs": Object {
                  "class": "MuiTypography-root-28 MuiTypography-subheading-35 MuiListItemText-primary-25",
                },
                "children": Array [
                  Object {
                    "data": "repo man",
                    "next": null,
                    "parent": [Circular],
                    "prev": null,
                    "type": "text",
                  },
                ],
                "name": "span",
                "namespace": "http://www.w3.org/1999/xhtml",
                "next": [Circular],
                "parent": [Circular],
                "prev": null,
                "type": "tag",
                "x-attribsNamespace": Object {
                  "class": undefined,
                },
                "x-attribsPrefix": Object {
                  "class": undefined,
                },
              },
              "type": "tag",
              "x-attribsNamespace": Object {
                "class": undefined,
              },
              "x-attribsPrefix": Object {
                "class": undefined,
              },
            },
          ],
          "name": "div",
          "namespace": "http://www.w3.org/1999/xhtml",
          "next": null,
          "parent": [Circular],
          "prev": [Circular],
          "type": "tag",
          "x-attribsNamespace": Object {
            "class": undefined,
          },
          "x-attribsPrefix": Object {
            "class": undefined,
          },
        },
        "parent": [Circular],
        "prev": null,
        "type": "tag",
        "x-attribsNamespace": Object {
          "class": undefined,
          "title": undefined,
        },
        "x-attribsPrefix": Object {
          "class": undefined,
          "title": undefined,
        },
      },
      Object {
        "attribs": Object {
          "class": "MuiListItemText-root-22",
        },
        "children": Array [
          Object {
            "attribs": Object {
              "class": "MuiTypography-root-28 MuiTypography-subheading-35 MuiListItemText-primary-25",
            },
            "children": Array [
              Object {
                "data": "repo man",
                "next": null,
                "parent": [Circular],
                "prev": null,
                "type": "text",
              },
            ],
            "name": "span",
            "namespace": "http://www.w3.org/1999/xhtml",
            "next": Object {
              "attribs": Object {
                "class": "MuiTypography-root-28 MuiTypography-body1-37 MuiTypography-colorTextSecondary-61 MuiListItemText-secondary-26",
              },
              "children": Array [
                Object {
                  "data": "stuff stuf stuff",
                  "next": null,
                  "parent": [Circular],
                  "prev": null,
                  "type": "text",
                },
              ],
              "name": "p",
              "namespace": "http://www.w3.org/1999/xhtml",
              "next": null,
              "parent": [Circular],
              "prev": [Circular],
              "type": "tag",
              "x-attribsNamespace": Object {
                "class": undefined,
              },
              "x-attribsPrefix": Object {
                "class": undefined,
              },
            },
            "parent": [Circular],
            "prev": null,
            "type": "tag",
            "x-attribsNamespace": Object {
              "class": undefined,
            },
            "x-attribsPrefix": Object {
              "class": undefined,
            },
          },
          Object {
            "attribs": Object {
              "class": "MuiTypography-root-28 MuiTypography-body1-37 MuiTypography-colorTextSecondary-61 MuiListItemText-secondary-26",
            },
            "children": Array [
              Object {
                "data": "stuff stuf stuff",
                "next": null,
                "parent": [Circular],
                "prev": null,
                "type": "text",
              },
            ],
            "name": "p",
            "namespace": "http://www.w3.org/1999/xhtml",
            "next": null,
            "parent": [Circular],
            "prev": Object {
              "attribs": Object {
                "class": "MuiTypography-root-28 MuiTypography-subheading-35 MuiListItemText-primary-25",
              },
              "children": Array [
                Object {
                  "data": "repo man",
                  "next": null,
                  "parent": [Circular],
                  "prev": null,
                  "type": "text",
                },
              ],
              "name": "span",
              "namespace": "http://www.w3.org/1999/xhtml",
              "next": [Circular],
              "parent": [Circular],
              "prev": null,
              "type": "tag",
              "x-attribsNamespace": Object {
                "class": undefined,
              },
              "x-attribsPrefix": Object {
                "class": undefined,
              },
            },
            "type": "tag",
            "x-attribsNamespace": Object {
              "class": undefined,
            },
            "x-attribsPrefix": Object {
              "class": undefined,
            },
          },
        ],
        "name": "div",
        "namespace": "http://www.w3.org/1999/xhtml",
        "next": null,
        "parent": [Circular],
        "prev": Object {
          "attribs": Object {
            "class": "MuiAvatar-root-19 MuiListItemAvatar-alignItemsFlexStart-17",
            "title": "dude #1",
          },
          "children": Array [
            Object {
              "attribs": Object {
                "alt": "dude #1",
                "class": "MuiAvatar-img-21",
                "src": "https://picture1.com",
              },
              "children": Array [],
              "name": "img",
              "namespace": "http://www.w3.org/1999/xhtml",
              "next": null,
              "parent": [Circular],
              "prev": null,
              "type": "tag",
              "x-attribsNamespace": Object {
                "alt": undefined,
                "class": undefined,
                "src": undefined,
              },
              "x-attribsPrefix": Object {
                "alt": undefined,
                "class": undefined,
                "src": undefined,
              },
            },
          ],
          "name": "div",
          "namespace": "http://www.w3.org/1999/xhtml",
          "next": [Circular],
          "parent": [Circular],
          "prev": null,
          "type": "tag",
          "x-attribsNamespace": Object {
            "class": undefined,
            "title": undefined,
          },
          "x-attribsPrefix": Object {
            "class": undefined,
            "title": undefined,
          },
        },
        "type": "tag",
        "x-attribsNamespace": Object {
          "class": undefined,
        },
        "x-attribsPrefix": Object {
          "class": undefined,
        },
      },
    ],
    "name": "div",
    "namespace": "http://www.w3.org/1999/xhtml",
    "next": null,
    "parent": null,
    "prev": null,
    "root": Object {
      "attribs": Object {},
      "children": Array [
        [Circular],
      ],
      "name": "root",
      "namespace": "http://www.w3.org/1999/xhtml",
      "next": null,
      "parent": null,
      "prev": null,
      "type": "root",
      "x-attribsNamespace": Object {},
      "x-attribsPrefix": Object {},
    },
    "type": "tag",
    "x-attribsNamespace": Object {
      "class": undefined,
      "role": undefined,
      "tabindex": undefined,
    },
    "x-attribsPrefix": Object {
      "class": undefined,
      "role": undefined,
      "tabindex": undefined,
    },
  },
  "_root": [Circular],
  "length": 1,
  "options": Object {
    "decodeEntities": true,
    "normalizeWhitespace": false,
    "withDomLvl1": true,
    "xml": false,
  },
}
`;
